Archive member included to satisfy reference by file (symbol)

c:/program files (x86)/atmel/studio/7.0/toolchain/avr8/avr8-gnu-toolchain/bin/../lib/gcc/avr/4.9.2/avr5\libgcc.a(_exit.o)
                              c:/program files (x86)/atmel/studio/7.0/toolchain/avr8/avr8-gnu-toolchain/bin/../lib/gcc/avr/4.9.2/../../../../avr/lib/avr5/crtatmega328p.o (exit)
c:/program files (x86)/atmel/studio/7.0/toolchain/avr8/avr8-gnu-toolchain/bin/../lib/gcc/avr/4.9.2/avr5\libgcc.a(_copy_data.o)
                              Display/displayFunc.o (__do_copy_data)
c:/program files (x86)/atmel/studio/7.0/toolchain/avr8/avr8-gnu-toolchain/bin/../lib/gcc/avr/4.9.2/avr5\libgcc.a(_clear_bss.o)
                              Display/displayFunc.o (__do_clear_bss)
c:/program files (x86)/atmel/studio/7.0/toolchain/avr8/avr8-gnu-toolchain/bin/../lib/gcc/avr/4.9.2/avr5\libgcc.a(_umulhisi3.o)
                              Display/Touch.o (__umulhisi3)
c:/program files (x86)/atmel/studio/7.0/toolchain/avr8/avr8-gnu-toolchain/bin/../lib/gcc/avr/4.9.2/../../../../avr/lib/avr5\libc.a(iob.o)
                              Display/Serial.o (__iob)
c:/program files (x86)/atmel/studio/7.0/toolchain/avr8/avr8-gnu-toolchain/bin/../lib/gcc/avr/4.9.2/../../../../avr/lib/avr5\libc.a(puts.o)
                              Display/Touch.o (puts)

Allocating common symbols
Common symbol       size              file

tempSPSR            0x1               Display/Touch.o
__iob               0x6               c:/program files (x86)/atmel/studio/7.0/toolchain/avr8/avr8-gnu-toolchain/bin/../lib/gcc/avr/4.9.2/../../../../avr/lib/avr5\libc.a(iob.o)
tempSPCR            0x1               Display/Touch.o

Discarded input sections

 .data          0x00000000        0x0 c:/program files (x86)/atmel/studio/7.0/toolchain/avr8/avr8-gnu-toolchain/bin/../lib/gcc/avr/4.9.2/../../../../avr/lib/avr5/crtatmega328p.o
 .bss           0x00000000        0x0 c:/program files (x86)/atmel/studio/7.0/toolchain/avr8/avr8-gnu-toolchain/bin/../lib/gcc/avr/4.9.2/../../../../avr/lib/avr5/crtatmega328p.o
 .text          0x00000000        0x0 Display/displayFunc.o
 .data          0x00000000        0x0 Display/displayFunc.o
 .bss           0x00000000        0x0 Display/displayFunc.o
 COMMON         0x00000000        0x0 Display/displayFunc.o
 .text          0x00000000        0x0 Display/Serial.o
 .data          0x00000000        0x0 Display/Serial.o
 .bss           0x00000000        0x0 Display/Serial.o
 .data.uart_io  0x00000000        0xe Display/Serial.o
 .text          0x00000000        0x0 Display/SPI.o
 .data          0x00000000        0x0 Display/SPI.o
 .bss           0x00000000        0x0 Display/SPI.o
 .text.beginTransaction
                0x00000000        0xa Display/SPI.o
 .text.spiInitSlave
                0x00000000       0x18 Display/SPI.o
 .text.spiReceive
                0x00000000       0x10 Display/SPI.o
 .text.writeByteTouch
                0x00000000       0x16 Display/SPI.o
 .text          0x00000000        0x0 Display/Touch.o
 .data          0x00000000        0x0 Display/Touch.o
 .bss           0x00000000        0x0 Display/Touch.o
 .text.getVersion
                0x00000000       0x24 Display/Touch.o
 .text.scalePoint
                0x00000000        0x2 Display/Touch.o
 .text.bufferSize
                0x00000000        0x8 Display/Touch.o
 COMMON         0x00000000        0x2 Display/Touch.o
 .text          0x00000000        0x0 Game/game.o
 .data          0x00000000        0x0 Game/game.o
 .bss           0x00000000        0x0 Game/game.o
 .text          0x00000000        0x0 Game/player.o
 .data          0x00000000        0x0 Game/player.o
 .bss           0x00000000        0x0 Game/player.o
 .text          0x00000000        0x0 Game/textWriter.o
 .data          0x00000000        0x0 Game/textWriter.o
 .bss           0x00000000        0x0 Game/textWriter.o
 .text          0x00000000        0x0 main.o
 .data          0x00000000        0x0 main.o
 .bss           0x00000000        0x0 main.o
 .text._ZN15NumberGenerator8getrndNoEv
                0x00000000       0x12 main.o
 .bss.dataIn    0x00000000        0x1 main.o
 .text          0x00000000        0x0 c:/program files (x86)/atmel/studio/7.0/toolchain/avr8/avr8-gnu-toolchain/bin/../lib/gcc/avr/4.9.2/avr5\libgcc.a(_exit.o)
 .data          0x00000000        0x0 c:/program files (x86)/atmel/studio/7.0/toolchain/avr8/avr8-gnu-toolchain/bin/../lib/gcc/avr/4.9.2/avr5\libgcc.a(_exit.o)
 .bss           0x00000000        0x0 c:/program files (x86)/atmel/studio/7.0/toolchain/avr8/avr8-gnu-toolchain/bin/../lib/gcc/avr/4.9.2/avr5\libgcc.a(_exit.o)
 .text.libgcc.mul
                0x00000000        0x0 c:/program files (x86)/atmel/studio/7.0/toolchain/avr8/avr8-gnu-toolchain/bin/../lib/gcc/avr/4.9.2/avr5\libgcc.a(_exit.o)
 .text.libgcc.div
                0x00000000        0x0 c:/program files (x86)/atmel/studio/7.0/toolchain/avr8/avr8-gnu-toolchain/bin/../lib/gcc/avr/4.9.2/avr5\libgcc.a(_exit.o)
 .text.libgcc   0x00000000        0x0 c:/program files (x86)/atmel/studio/7.0/toolchain/avr8/avr8-gnu-toolchain/bin/../lib/gcc/avr/4.9.2/avr5\libgcc.a(_exit.o)
 .text.libgcc.prologue
                0x00000000        0x0 c:/program files (x86)/atmel/studio/7.0/toolchain/avr8/avr8-gnu-toolchain/bin/../lib/gcc/avr/4.9.2/avr5\libgcc.a(_exit.o)
 .text.libgcc.builtins
                0x00000000        0x0 c:/program files (x86)/atmel/studio/7.0/toolchain/avr8/avr8-gnu-toolchain/bin/../lib/gcc/avr/4.9.2/avr5\libgcc.a(_exit.o)
 .text.libgcc.fmul
                0x00000000        0x0 c:/program files (x86)/atmel/studio/7.0/toolchain/avr8/avr8-gnu-toolchain/bin/../lib/gcc/avr/4.9.2/avr5\libgcc.a(_exit.o)
 .text.libgcc.fixed
                0x00000000        0x0 c:/program files (x86)/atmel/studio/7.0/toolchain/avr8/avr8-gnu-toolchain/bin/../lib/gcc/avr/4.9.2/avr5\libgcc.a(_exit.o)
 .text          0x00000000        0x0 c:/program files (x86)/atmel/studio/7.0/toolchain/avr8/avr8-gnu-toolchain/bin/../lib/gcc/avr/4.9.2/avr5\libgcc.a(_copy_data.o)
 .data          0x00000000        0x0 c:/program files (x86)/atmel/studio/7.0/toolchain/avr8/avr8-gnu-toolchain/bin/../lib/gcc/avr/4.9.2/avr5\libgcc.a(_copy_data.o)
 .bss           0x00000000        0x0 c:/program files (x86)/atmel/studio/7.0/toolchain/avr8/avr8-gnu-toolchain/bin/../lib/gcc/avr/4.9.2/avr5\libgcc.a(_copy_data.o)
 .text.libgcc.mul
                0x00000000        0x0 c:/program files (x86)/atmel/studio/7.0/toolchain/avr8/avr8-gnu-toolchain/bin/../lib/gcc/avr/4.9.2/avr5\libgcc.a(_copy_data.o)
 .text.libgcc.div
                0x00000000        0x0 c:/program files (x86)/atmel/studio/7.0/toolchain/avr8/avr8-gnu-toolchain/bin/../lib/gcc/avr/4.9.2/avr5\libgcc.a(_copy_data.o)
 .text.libgcc   0x00000000        0x0 c:/program files (x86)/atmel/studio/7.0/toolchain/avr8/avr8-gnu-toolchain/bin/../lib/gcc/avr/4.9.2/avr5\libgcc.a(_copy_data.o)
 .text.libgcc.prologue
                0x00000000        0x0 c:/program files (x86)/atmel/studio/7.0/toolchain/avr8/avr8-gnu-toolchain/bin/../lib/gcc/avr/4.9.2/avr5\libgcc.a(_copy_data.o)
 .text.libgcc.builtins
                0x00000000        0x0 c:/program files (x86)/atmel/studio/7.0/toolchain/avr8/avr8-gnu-toolchain/bin/../lib/gcc/avr/4.9.2/avr5\libgcc.a(_copy_data.o)
 .text.libgcc.fmul
                0x00000000        0x0 c:/program files (x86)/atmel/studio/7.0/toolchain/avr8/avr8-gnu-toolchain/bin/../lib/gcc/avr/4.9.2/avr5\libgcc.a(_copy_data.o)
 .text.libgcc.fixed
                0x00000000        0x0 c:/program files (x86)/atmel/studio/7.0/toolchain/avr8/avr8-gnu-toolchain/bin/../lib/gcc/avr/4.9.2/avr5\libgcc.a(_copy_data.o)
 .text          0x00000000        0x0 c:/program files (x86)/atmel/studio/7.0/toolchain/avr8/avr8-gnu-toolchain/bin/../lib/gcc/avr/4.9.2/avr5\libgcc.a(_clear_bss.o)
 .data          0x00000000        0x0 c:/program files (x86)/atmel/studio/7.0/toolchain/avr8/avr8-gnu-toolchain/bin/../lib/gcc/avr/4.9.2/avr5\libgcc.a(_clear_bss.o)
 .bss           0x00000000        0x0 c:/program files (x86)/atmel/studio/7.0/toolchain/avr8/avr8-gnu-toolchain/bin/../lib/gcc/avr/4.9.2/avr5\libgcc.a(_clear_bss.o)
 .text.libgcc.mul
                0x00000000        0x0 c:/program files (x86)/atmel/studio/7.0/toolchain/avr8/avr8-gnu-toolchain/bin/../lib/gcc/avr/4.9.2/avr5\libgcc.a(_clear_bss.o)
 .text.libgcc.div
                0x00000000        0x0 c:/program files (x86)/atmel/studio/7.0/toolchain/avr8/avr8-gnu-toolchain/bin/../lib/gcc/avr/4.9.2/avr5\libgcc.a(_clear_bss.o)
 .text.libgcc   0x00000000        0x0 c:/program files (x86)/atmel/studio/7.0/toolchain/avr8/avr8-gnu-toolchain/bin/../lib/gcc/avr/4.9.2/avr5\libgcc.a(_clear_bss.o)
 .text.libgcc.prologue
                0x00000000        0x0 c:/program files (x86)/atmel/studio/7.0/toolchain/avr8/avr8-gnu-toolchain/bin/../lib/gcc/avr/4.9.2/avr5\libgcc.a(_clear_bss.o)
 .text.libgcc.builtins
                0x00000000        0x0 c:/program files (x86)/atmel/studio/7.0/toolchain/avr8/avr8-gnu-toolchain/bin/../lib/gcc/avr/4.9.2/avr5\libgcc.a(_clear_bss.o)
 .text.libgcc.fmul
                0x00000000        0x0 c:/program files (x86)/atmel/studio/7.0/toolchain/avr8/avr8-gnu-toolchain/bin/../lib/gcc/avr/4.9.2/avr5\libgcc.a(_clear_bss.o)
 .text.libgcc.fixed
                0x00000000        0x0 c:/program files (x86)/atmel/studio/7.0/toolchain/avr8/avr8-gnu-toolchain/bin/../lib/gcc/avr/4.9.2/avr5\libgcc.a(_clear_bss.o)
 .text          0x00000000        0x0 c:/program files (x86)/atmel/studio/7.0/toolchain/avr8/avr8-gnu-toolchain/bin/../lib/gcc/avr/4.9.2/avr5\libgcc.a(_umulhisi3.o)
 .data          0x00000000        0x0 c:/program files (x86)/atmel/studio/7.0/toolchain/avr8/avr8-gnu-toolchain/bin/../lib/gcc/avr/4.9.2/avr5\libgcc.a(_umulhisi3.o)
 .bss           0x00000000        0x0 c:/program files (x86)/atmel/studio/7.0/toolchain/avr8/avr8-gnu-toolchain/bin/../lib/gcc/avr/4.9.2/avr5\libgcc.a(_umulhisi3.o)
 .text.libgcc.div
                0x00000000        0x0 c:/program files (x86)/atmel/studio/7.0/toolchain/avr8/avr8-gnu-toolchain/bin/../lib/gcc/avr/4.9.2/avr5\libgcc.a(_umulhisi3.o)
 .text.libgcc   0x00000000        0x0 c:/program files (x86)/atmel/studio/7.0/toolchain/avr8/avr8-gnu-toolchain/bin/../lib/gcc/avr/4.9.2/avr5\libgcc.a(_umulhisi3.o)
 .text.libgcc.prologue
                0x00000000        0x0 c:/program files (x86)/atmel/studio/7.0/toolchain/avr8/avr8-gnu-toolchain/bin/../lib/gcc/avr/4.9.2/avr5\libgcc.a(_umulhisi3.o)
 .text.libgcc.builtins
                0x00000000        0x0 c:/program files (x86)/atmel/studio/7.0/toolchain/avr8/avr8-gnu-toolchain/bin/../lib/gcc/avr/4.9.2/avr5\libgcc.a(_umulhisi3.o)
 .text.libgcc.fmul
                0x00000000        0x0 c:/program files (x86)/atmel/studio/7.0/toolchain/avr8/avr8-gnu-toolchain/bin/../lib/gcc/avr/4.9.2/avr5\libgcc.a(_umulhisi3.o)
 .text.libgcc.fixed
                0x00000000        0x0 c:/program files (x86)/atmel/studio/7.0/toolchain/avr8/avr8-gnu-toolchain/bin/../lib/gcc/avr/4.9.2/avr5\libgcc.a(_umulhisi3.o)
 .text          0x00000000        0x0 c:/program files (x86)/atmel/studio/7.0/toolchain/avr8/avr8-gnu-toolchain/bin/../lib/gcc/avr/4.9.2/../../../../avr/lib/avr5\libc.a(iob.o)
 .data          0x00000000        0x0 c:/program files (x86)/atmel/studio/7.0/toolchain/avr8/avr8-gnu-toolchain/bin/../lib/gcc/avr/4.9.2/../../../../avr/lib/avr5\libc.a(iob.o)
 .bss           0x00000000        0x0 c:/program files (x86)/atmel/studio/7.0/toolchain/avr8/avr8-gnu-toolchain/bin/../lib/gcc/avr/4.9.2/../../../../avr/lib/avr5\libc.a(iob.o)
 .text          0x00000000        0x0 c:/program files (x86)/atmel/studio/7.0/toolchain/avr8/avr8-gnu-toolchain/bin/../lib/gcc/avr/4.9.2/../../../../avr/lib/avr5\libc.a(puts.o)
 .data          0x00000000        0x0 c:/program files (x86)/atmel/studio/7.0/toolchain/avr8/avr8-gnu-toolchain/bin/../lib/gcc/avr/4.9.2/../../../../avr/lib/avr5\libc.a(puts.o)
 .bss           0x00000000        0x0 c:/program files (x86)/atmel/studio/7.0/toolchain/avr8/avr8-gnu-toolchain/bin/../lib/gcc/avr/4.9.2/../../../../avr/lib/avr5\libc.a(puts.o)

Memory Configuration

Name             Origin             Length             Attributes
text             0x00000000         0x00020000         xr
data             0x00800060         0x0000ffa0         rw !x
eeprom           0x00810000         0x00010000         rw !x
fuse             0x00820000         0x00000003         rw !x
lock             0x00830000         0x00000400         rw !x
signature        0x00840000         0x00000400         rw !x
user_signatures  0x00850000         0x00000400         rw !x
*default*        0x00000000         0xffffffff

Linker script and memory map

Address of section .data set to 0x800100
LOAD c:/program files (x86)/atmel/studio/7.0/toolchain/avr8/avr8-gnu-toolchain/bin/../lib/gcc/avr/4.9.2/../../../../avr/lib/avr5/crtatmega328p.o
LOAD Display/displayFunc.o
LOAD Display/Serial.o
LOAD Display/SPI.o
LOAD Display/Touch.o
LOAD Game/game.o
LOAD Game/player.o
LOAD Game/textWriter.o
LOAD main.o
START GROUP
LOAD c:/program files (x86)/atmel/studio/7.0/toolchain/avr8/avr8-gnu-toolchain/bin/../lib/gcc/avr/4.9.2/../../../../avr/lib/avr5\libm.a
END GROUP
LOAD c:/program files (x86)/atmel/studio/7.0/toolchain/avr8/avr8-gnu-toolchain/bin/../lib/gcc/avr/4.9.2/avr5\libgcc.a
LOAD c:/program files (x86)/atmel/studio/7.0/toolchain/avr8/avr8-gnu-toolchain/bin/../lib/gcc/avr/4.9.2/../../../../avr/lib/avr5\libm.a
START GROUP
LOAD c:/program files (x86)/atmel/studio/7.0/toolchain/avr8/avr8-gnu-toolchain/bin/../lib/gcc/avr/4.9.2/avr5\libgcc.a
LOAD c:/program files (x86)/atmel/studio/7.0/toolchain/avr8/avr8-gnu-toolchain/bin/../lib/gcc/avr/4.9.2/../../../../avr/lib/avr5\libm.a
LOAD c:/program files (x86)/atmel/studio/7.0/toolchain/avr8/avr8-gnu-toolchain/bin/../lib/gcc/avr/4.9.2/../../../../avr/lib/avr5\libc.a
LOAD c:/program files (x86)/atmel/studio/7.0/toolchain/avr8/avr8-gnu-toolchain/bin/../lib/gcc/avr/4.9.2/../../../../avr/lib/avr5\libatmega328p.a
END GROUP
                0x00020000                __TEXT_REGION_LENGTH__ = DEFINED (__TEXT_REGION_LENGTH__)?__TEXT_REGION_LENGTH__:0x20000
                0x0000ffa0                __DATA_REGION_LENGTH__ = DEFINED (__DATA_REGION_LENGTH__)?__DATA_REGION_LENGTH__:0xffa0
                0x00010000                __EEPROM_REGION_LENGTH__ = DEFINED (__EEPROM_REGION_LENGTH__)?__EEPROM_REGION_LENGTH__:0x10000
                [0x00000003]                __FUSE_REGION_LENGTH__ = DEFINED (__FUSE_REGION_LENGTH__)?__FUSE_REGION_LENGTH__:0x400
                0x00000400                __LOCK_REGION_LENGTH__ = DEFINED (__LOCK_REGION_LENGTH__)?__LOCK_REGION_LENGTH__:0x400
                0x00000400                __SIGNATURE_REGION_LENGTH__ = DEFINED (__SIGNATURE_REGION_LENGTH__)?__SIGNATURE_REGION_LENGTH__:0x400
                0x00000400                __USER_SIGNATURE_REGION_LENGTH__ = DEFINED (__USER_SIGNATURE_REGION_LENGTH__)?__USER_SIGNATURE_REGION_LENGTH__:0x400

.hash
 *(.hash)

.dynsym
 *(.dynsym)

.dynstr
 *(.dynstr)

.gnu.version
 *(.gnu.version)

.gnu.version_d
 *(.gnu.version_d)

.gnu.version_r
 *(.gnu.version_r)

.rel.init
 *(.rel.init)

.rela.init
 *(.rela.init)

.rel.text
 *(.rel.text)
 *(.rel.text.*)
 *(.rel.gnu.linkonce.t*)

.rela.text
 *(.rela.text)
 *(.rela.text.*)
 *(.rela.gnu.linkonce.t*)

.rel.fini
 *(.rel.fini)

.rela.fini
 *(.rela.fini)

.rel.rodata
 *(.rel.rodata)
 *(.rel.rodata.*)
 *(.rel.gnu.linkonce.r*)

.rela.rodata
 *(.rela.rodata)
 *(.rela.rodata.*)
 *(.rela.gnu.linkonce.r*)

.rel.data
 *(.rel.data)
 *(.rel.data.*)
 *(.rel.gnu.linkonce.d*)

.rela.data
 *(.rela.data)
 *(.rela.data.*)
 *(.rela.gnu.linkonce.d*)

.rel.ctors
 *(.rel.ctors)

.rela.ctors
 *(.rela.ctors)

.rel.dtors
 *(.rel.dtors)

.rela.dtors
 *(.rela.dtors)

.rel.got
 *(.rel.got)

.rela.got
 *(.rela.got)

.rel.bss
 *(.rel.bss)

.rela.bss
 *(.rela.bss)

.rel.plt
 *(.rel.plt)

.rela.plt
 *(.rela.plt)

.text           0x00000000      0xcf4
 *(.vectors)
 .vectors       0x00000000       0x68 c:/program files (x86)/atmel/studio/7.0/toolchain/avr8/avr8-gnu-toolchain/bin/../lib/gcc/avr/4.9.2/../../../../avr/lib/avr5/crtatmega328p.o
                0x00000000                __vector_default
                0x00000000                __vectors
 *(.vectors)
 *(.progmem.gcc*)
                0x00000068                . = ALIGN (0x2)
                0x00000068                __trampolines_start = .
 *(.trampolines)
 .trampolines   0x00000068        0x0 linker stubs
 *(.trampolines*)
                0x00000068                __trampolines_end = .
 *libprintf_flt.a:*(.progmem.data)
 *libc.a:*(.progmem.data)
 *(.progmem*)
                0x00000068                . = ALIGN (0x2)
 *(.jumptables)
 *(.jumptables*)
 *(.lowtext)
 *(.lowtext*)
                0x00000068                __ctors_start = .
 *(.ctors)
                0x00000068                __ctors_end = .
                0x00000068                __dtors_start = .
 *(.dtors)
                0x00000068                __dtors_end = .
 SORT(*)(.ctors)
 SORT(*)(.dtors)
 *(.init0)
 .init0         0x00000068        0x0 c:/program files (x86)/atmel/studio/7.0/toolchain/avr8/avr8-gnu-toolchain/bin/../lib/gcc/avr/4.9.2/../../../../avr/lib/avr5/crtatmega328p.o
                0x00000068                __init
 *(.init0)
 *(.init1)
 *(.init1)
 *(.init2)
 .init2         0x00000068        0xc c:/program files (x86)/atmel/studio/7.0/toolchain/avr8/avr8-gnu-toolchain/bin/../lib/gcc/avr/4.9.2/../../../../avr/lib/avr5/crtatmega328p.o
 *(.init2)
 *(.init3)
 *(.init3)
 *(.init4)
 .init4         0x00000074       0x16 c:/program files (x86)/atmel/studio/7.0/toolchain/avr8/avr8-gnu-toolchain/bin/../lib/gcc/avr/4.9.2/avr5\libgcc.a(_copy_data.o)
                0x00000074                __do_copy_data
 .init4         0x0000008a       0x10 c:/program files (x86)/atmel/studio/7.0/toolchain/avr8/avr8-gnu-toolchain/bin/../lib/gcc/avr/4.9.2/avr5\libgcc.a(_clear_bss.o)
                0x0000008a                __do_clear_bss
 *(.init4)
 *(.init5)
 *(.init5)
 *(.init6)
 *(.init6)
 *(.init7)
 *(.init7)
 *(.init8)
 *(.init8)
 *(.init9)
 .init9         0x0000009a        0x8 c:/program files (x86)/atmel/studio/7.0/toolchain/avr8/avr8-gnu-toolchain/bin/../lib/gcc/avr/4.9.2/../../../../avr/lib/avr5/crtatmega328p.o
 *(.init9)
 *(.text)
 .text          0x000000a2        0x4 c:/program files (x86)/atmel/studio/7.0/toolchain/avr8/avr8-gnu-toolchain/bin/../lib/gcc/avr/4.9.2/../../../../avr/lib/avr5/crtatmega328p.o
                0x000000a2                __vector_22
                0x000000a2                __vector_1
                0x000000a2                __vector_24
                0x000000a2                __vector_12
                0x000000a2                __bad_interrupt
                0x000000a2                __vector_6
                0x000000a2                __vector_3
                0x000000a2                __vector_23
                0x000000a2                __vector_25
                0x000000a2                __vector_11
                0x000000a2                __vector_13
                0x000000a2                __vector_17
                0x000000a2                __vector_19
                0x000000a2                __vector_7
                0x000000a2                __vector_5
                0x000000a2                __vector_4
                0x000000a2                __vector_9
                0x000000a2                __vector_2
                0x000000a2                __vector_21
                0x000000a2                __vector_15
                0x000000a2                __vector_8
                0x000000a2                __vector_14
                0x000000a2                __vector_10
                0x000000a2                __vector_16
                0x000000a2                __vector_18
                0x000000a2                __vector_20
                0x000000a6                . = ALIGN (0x2)
 *(.text.*)
 .text.resetDisplay
                0x000000a6       0x3e Display/displayFunc.o
                0x000000a6                resetDisplay
 .text.initDisplay
                0x000000e4        0xe Display/displayFunc.o
                0x000000e4                initDisplay
 .text.controller_begin
                0x000000f2      0x238 Display/displayFunc.o
                0x000000f2                controller_begin
 .text.writeWord
                0x0000032a       0x14 Display/displayFunc.o
                0x0000032a                writeWord
 .text.setAddrWindow
                0x0000033e       0x60 Display/displayFunc.o
                0x0000033e                setAddrWindow
 .text.write565
                0x0000039e       0x3a Display/displayFunc.o
                0x0000039e                write565
 .text.drawPixel
                0x000003d8       0x54 Display/displayFunc.o
                0x000003d8                drawPixel
 .text.fillRect
                0x0000042c       0x60 Display/displayFunc.o
                0x0000042c                fillRect
 .text.writeBitmap
                0x0000048c       0xb2 Display/displayFunc.o
                0x0000048c                writeBitmap
 .text.drawBitmapPlayer
                0x0000053e       0x50 Display/displayFunc.o
                0x0000053e                drawBitmapPlayer
 .text.drawBitmapChar
                0x0000058e       0x5e Display/displayFunc.o
                0x0000058e                drawBitmapChar
 .text.drawStar
                0x000005ec       0x50 Display/displayFunc.o
                0x000005ec                drawStar
 .text.uart_putchar
                0x0000063c       0x20 Display/Serial.o
                0x0000063c                uart_putchar
 .text.uart_getchar
                0x0000065c       0x10 Display/Serial.o
                0x0000065c                uart_getchar
 .text.uart_init
                0x0000066c       0x36 Display/Serial.o
                0x0000066c                uart_init
 .text.Serial_begin
                0x000006a2        0x6 Display/Serial.o
                0x000006a2                Serial_begin
 .text.spiInitMaster
                0x000006a8       0x14 Display/SPI.o
                0x000006a8                spiInitMaster
 .text.spiStartWrite
                0x000006bc       0x16 Display/SPI.o
                0x000006bc                spiStartWrite
 .text.spiEndWrite
                0x000006d2        0x6 Display/SPI.o
                0x000006d2                spiEndWrite
 .text.spiStartWriteTouch
                0x000006d8        0xa Display/SPI.o
                0x000006d8                spiStartWriteTouch
 .text.spiEndWriteTouch
                0x000006e2        0x4 Display/SPI.o
                0x000006e2                spiEndWriteTouch
 .text.spiTransmit
                0x000006e6       0x10 Display/SPI.o
                0x000006e6                spiTransmit
 .text.writeByte
                0x000006f6       0x16 Display/SPI.o
                0x000006f6                writeByte
 .text.writeCmd
                0x0000070c       0x16 Display/SPI.o
                0x0000070c                writeCmd
 .text.readReg8
                0x00000722       0x28 Display/Touch.o
                0x00000722                readReg8
 .text.writeReg8
                0x0000074a       0x22 Display/Touch.o
                0x0000074a                writeReg8
 .text.touch_begin
                0x0000076c       0xa0 Display/Touch.o
                0x0000076c                touch_begin
 .text.touched  0x0000080c        0xa Display/Touch.o
                0x0000080c                touched
 .text.bufferEmpty
                0x00000816        0xa Display/Touch.o
                0x00000816                bufferEmpty
 .text.readData
                0x00000820       0xa4 Display/Touch.o
                0x00000820                readData
 .text.getPoint
                0x000008c4       0x9c Display/Touch.o
                0x000008c4                getPoint
 .text._ZN4GameC2Ev
                0x00000960       0x20 Game/game.o
                0x00000960                _ZN4GameC1Ev
                0x00000960                _ZN4GameC2Ev
 .text._ZN4Game9startGameEv
                0x00000980       0x50 Game/game.o
                0x00000980                _ZN4Game9startGameEv
 .text._ZN4Game12setPlayerPosEh
                0x000009d0        0x8 Game/game.o
                0x000009d0                _ZN4Game12setPlayerPosEh
 .text._ZN4Game6renderEv
                0x000009d8        0x6 Game/game.o
                0x000009d8                _ZN4Game6renderEv
 .text._ZN6PlayerC2Ejj
                0x000009de        0xc Game/player.o
                0x000009de                _ZN6PlayerC2Ejj
                0x000009de                _ZN6PlayerC1Ejj
 .text._ZN6PlayerC2Ev
                0x000009ea        0x2 Game/player.o
                0x000009ea                _ZN6PlayerC1Ev
                0x000009ea                _ZN6PlayerC2Ev
 .text._ZN6Player10movePlayerEj
                0x000009ec        0x8 Game/player.o
                0x000009ec                _ZN6Player10movePlayerEj
 .text._ZN6Player12renderPlayerEv
                0x000009f4       0x10 Game/player.o
                0x000009f4                _ZN6Player12renderPlayerEv
 .text._ZN10TextWriterC2Ev
                0x00000a04        0xc Game/textWriter.o
                0x00000a04                _ZN10TextWriterC2Ev
                0x00000a04                _ZN10TextWriterC1Ev
 .text._ZN10TextWriter12setCursorPosEjj
                0x00000a10        0xc Game/textWriter.o
                0x00000a10                _ZN10TextWriter12setCursorPosEjj
 .text._ZN10TextWriter8drawCharEc
                0x00000a1c       0x3e Game/textWriter.o
                0x00000a1c                _ZN10TextWriter8drawCharEc
 .text._ZN10TextWriter10drawStringEPch
                0x00000a5a       0x3e Game/textWriter.o
                0x00000a5a                _ZN10TextWriter10drawStringEPch
 .text.startScreen_init
                0x00000a98      0x12e main.o
                0x00000a98                startScreen_init
 .text.main     0x00000bc6       0xac main.o
                0x00000bc6                main
 .text.libgcc.mul
                0x00000c72       0x1e c:/program files (x86)/atmel/studio/7.0/toolchain/avr8/avr8-gnu-toolchain/bin/../lib/gcc/avr/4.9.2/avr5\libgcc.a(_umulhisi3.o)
                0x00000c72                __umulhisi3
 .text.avr-libc
                0x00000c90       0x60 c:/program files (x86)/atmel/studio/7.0/toolchain/avr8/avr8-gnu-toolchain/bin/../lib/gcc/avr/4.9.2/../../../../avr/lib/avr5\libc.a(puts.o)
                0x00000c90                puts
                0x00000cf0                . = ALIGN (0x2)
 *(.fini9)
 .fini9         0x00000cf0        0x0 c:/program files (x86)/atmel/studio/7.0/toolchain/avr8/avr8-gnu-toolchain/bin/../lib/gcc/avr/4.9.2/avr5\libgcc.a(_exit.o)
                0x00000cf0                _exit
                0x00000cf0                exit
 *(.fini9)
 *(.fini8)
 *(.fini8)
 *(.fini7)
 *(.fini7)
 *(.fini6)
 *(.fini6)
 *(.fini5)
 *(.fini5)
 *(.fini4)
 *(.fini4)
 *(.fini3)
 *(.fini3)
 *(.fini2)
 *(.fini2)
 *(.fini1)
 *(.fini1)
 *(.fini0)
 .fini0         0x00000cf0        0x4 c:/program files (x86)/atmel/studio/7.0/toolchain/avr8/avr8-gnu-toolchain/bin/../lib/gcc/avr/4.9.2/avr5\libgcc.a(_exit.o)
 *(.fini0)
                0x00000cf4                _etext = .

.data           0x00800100      0x222 load address 0x00000cf4
                0x00800100                PROVIDE (__data_start, .)
 *(.data)
 *(.data*)
 .data.Stern    0x00800100        0x7 Display/displayFunc.o
                0x00800100                Stern
 .data.charBitmap
                0x00800107      0x15f Display/displayFunc.o
                0x00800107                charBitmap
 .data.playerBitmap
                0x00800266       0x71 Display/displayFunc.o
                0x00800266                playerBitmap
 .data.uart_input
                0x008002d7        0xe Display/Serial.o
                0x008002d7                uart_input
 .data.uart_output
                0x008002e5        0xe Display/Serial.o
                0x008002e5                uart_output
 .data.pxY      0x008002f3        0x2 main.o
                0x008002f3                pxY
 .data.pxX      0x008002f5        0x2 main.o
                0x008002f5                pxX
 *(.rodata)
 *(.rodata*)
 .rodata.str1.1
                0x008002f7        0xa Display/Touch.o
 .rodata.str1.1
                0x00800301       0x21 main.o
 *(.gnu.linkonce.d*)
                0x00800322                . = ALIGN (0x2)
                0x00800322                _edata = .
                0x00800322                PROVIDE (__data_end, .)

.bss            0x00800322        0x6
                0x00800322                PROVIDE (__bss_start, .)
 *(.bss)
 *(.bss*)
 *(COMMON)
 COMMON         0x00800322        0x6 c:/program files (x86)/atmel/studio/7.0/toolchain/avr8/avr8-gnu-toolchain/bin/../lib/gcc/avr/4.9.2/../../../../avr/lib/avr5\libc.a(iob.o)
                0x00800322                __iob
                0x00800328                PROVIDE (__bss_end, .)
                0x00000cf4                __data_load_start = LOADADDR (.data)
                0x00000f16                __data_load_end = (__data_load_start + SIZEOF (.data))

.noinit         0x00800328        0x0
                [!provide]                PROVIDE (__noinit_start, .)
 *(.noinit*)
                [!provide]                PROVIDE (__noinit_end, .)
                0x00800328                _end = .
                [!provide]                PROVIDE (__heap_start, .)

.eeprom         0x00810000        0x0
 *(.eeprom*)
                0x00810000                __eeprom_end = .

.fuse
 *(.fuse)
 *(.lfuse)
 *(.hfuse)
 *(.efuse)

.lock
 *(.lock*)

.signature
 *(.signature*)

.user_signatures
 *(.user_signatures*)

.stab
 *(.stab)

.stabstr
 *(.stabstr)

.stab.excl
 *(.stab.excl)

.stab.exclstr
 *(.stab.exclstr)

.stab.index
 *(.stab.index)

.stab.indexstr
 *(.stab.indexstr)

.comment        0x00000000       0x30
 *(.comment)
 .comment       0x00000000       0x30 Display/displayFunc.o
                                 0x31 (size before relaxing)
 .comment       0x00000030       0x31 Display/Serial.o
 .comment       0x00000030       0x31 Display/SPI.o
 .comment       0x00000030       0x31 Display/Touch.o
 .comment       0x00000030       0x31 Game/game.o
 .comment       0x00000030       0x31 Game/player.o
 .comment       0x00000030       0x31 Game/textWriter.o
 .comment       0x00000030       0x31 main.o
 .comment       0x00000030       0x31 c:/program files (x86)/atmel/studio/7.0/toolchain/avr8/avr8-gnu-toolchain/bin/../lib/gcc/avr/4.9.2/../../../../avr/lib/avr5\libc.a(iob.o)
 .comment       0x00000030       0x31 c:/program files (x86)/atmel/studio/7.0/toolchain/avr8/avr8-gnu-toolchain/bin/../lib/gcc/avr/4.9.2/../../../../avr/lib/avr5\libc.a(puts.o)

.note.gnu.avr.deviceinfo
                0x00000000       0x40
 .note.gnu.avr.deviceinfo
                0x00000000       0x40 c:/program files (x86)/atmel/studio/7.0/toolchain/avr8/avr8-gnu-toolchain/bin/../lib/gcc/avr/4.9.2/../../../../avr/lib/avr5/crtatmega328p.o

.note.gnu.build-id
 *(.note.gnu.build-id)

.debug
 *(.debug)

.line
 *(.line)

.debug_srcinfo
 *(.debug_srcinfo)

.debug_sfnames
 *(.debug_sfnames)

.debug_aranges  0x00000000      0x268
 *(.debug_aranges)
 .debug_aranges
                0x00000000       0x78 Display/displayFunc.o
 .debug_aranges
                0x00000078       0x38 Display/Serial.o
 .debug_aranges
                0x000000b0       0x78 Display/SPI.o
 .debug_aranges
                0x00000128       0x68 Display/Touch.o
 .debug_aranges
                0x00000190       0x38 Game/game.o
 .debug_aranges
                0x000001c8       0x38 Game/player.o
 .debug_aranges
                0x00000200       0x38 Game/textWriter.o
 .debug_aranges
                0x00000238       0x30 main.o

.debug_pubnames
 *(.debug_pubnames)

.debug_info     0x00000000     0x331c
 *(.debug_info .gnu.linkonce.wi.*)
 .debug_info    0x00000000      0x5f4 c:/program files (x86)/atmel/studio/7.0/toolchain/avr8/avr8-gnu-toolchain/bin/../lib/gcc/avr/4.9.2/../../../../avr/lib/avr5/crtatmega328p.o
 .debug_info    0x000005f4      0xfaa Display/displayFunc.o
 .debug_info    0x0000159e      0x25b Display/Serial.o
 .debug_info    0x000017f9      0x33f Display/SPI.o
 .debug_info    0x00001b38      0x6cb Display/Touch.o
 .debug_info    0x00002203      0x2e9 Game/game.o
 .debug_info    0x000024ec      0x258 Game/player.o
 .debug_info    0x00002744      0x2ba Game/textWriter.o
 .debug_info    0x000029fe      0x91e main.o

.debug_abbrev   0x00000000     0x148e
 *(.debug_abbrev)
 .debug_abbrev  0x00000000      0x5a2 c:/program files (x86)/atmel/studio/7.0/toolchain/avr8/avr8-gnu-toolchain/bin/../lib/gcc/avr/4.9.2/../../../../avr/lib/avr5/crtatmega328p.o
 .debug_abbrev  0x000005a2      0x20a Display/displayFunc.o
 .debug_abbrev  0x000007ac      0x18b Display/Serial.o
 .debug_abbrev  0x00000937      0x195 Display/SPI.o
 .debug_abbrev  0x00000acc      0x24c Display/Touch.o
 .debug_abbrev  0x00000d18      0x185 Game/game.o
 .debug_abbrev  0x00000e9d      0x15a Game/player.o
 .debug_abbrev  0x00000ff7      0x1c1 Game/textWriter.o
 .debug_abbrev  0x000011b8      0x2d6 main.o

.debug_line     0x00000000     0x1397
 *(.debug_line .debug_line.* .debug_line_end)
 .debug_line    0x00000000       0x1a c:/program files (x86)/atmel/studio/7.0/toolchain/avr8/avr8-gnu-toolchain/bin/../lib/gcc/avr/4.9.2/../../../../avr/lib/avr5/crtatmega328p.o
 .debug_line    0x0000001a      0x5ba Display/displayFunc.o
 .debug_line    0x000005d4      0x14e Display/Serial.o
 .debug_line    0x00000722      0x2fc Display/SPI.o
 .debug_line    0x00000a1e      0x346 Display/Touch.o
 .debug_line    0x00000d64      0x106 Game/game.o
 .debug_line    0x00000e6a      0x11a Game/player.o
 .debug_line    0x00000f84      0x16c Game/textWriter.o
 .debug_line    0x000010f0      0x2a7 main.o

.debug_frame    0x00000000      0x66c
 *(.debug_frame)
 .debug_frame   0x00000000      0x218 Display/displayFunc.o
 .debug_frame   0x00000218       0x5c Display/Serial.o
 .debug_frame   0x00000274       0xd4 Display/SPI.o
 .debug_frame   0x00000348      0x144 Display/Touch.o
 .debug_frame   0x0000048c       0x7c Game/game.o
 .debug_frame   0x00000508       0x54 Game/player.o
 .debug_frame   0x0000055c       0x74 Game/textWriter.o
 .debug_frame   0x000005d0       0x9c main.o

.debug_str      0x00000000      0x9ca
 *(.debug_str)
 .debug_str     0x00000000      0x208 c:/program files (x86)/atmel/studio/7.0/toolchain/avr8/avr8-gnu-toolchain/bin/../lib/gcc/avr/4.9.2/../../../../avr/lib/avr5/crtatmega328p.o
 .debug_str     0x00000208      0x2c4 Display/displayFunc.o
                                0x302 (size before relaxing)
 .debug_str     0x000004cc       0x94 Display/Serial.o
                                0x20e (size before relaxing)
 .debug_str     0x00000560       0x90 Display/SPI.o
                                0x27f (size before relaxing)
 .debug_str     0x000005f0       0x9a Display/Touch.o
                                0x2a9 (size before relaxing)
 .debug_str     0x0000068a      0x1c0 Game/game.o
                                0x298 (size before relaxing)
 .debug_str     0x0000084a       0x44 Game/player.o
                                0x24d (size before relaxing)
 .debug_str     0x0000088e       0xd5 Game/textWriter.o
                                0x2a0 (size before relaxing)
 .debug_str     0x00000963       0x67 main.o
                                0x447 (size before relaxing)

.debug_loc      0x00000000     0x1515
 *(.debug_loc)
 .debug_loc     0x00000000      0x9ee Display/displayFunc.o
 .debug_loc     0x000009ee       0x98 Display/Serial.o
 .debug_loc     0x00000a86       0x82 Display/SPI.o
 .debug_loc     0x00000b08      0x43a Display/Touch.o
 .debug_loc     0x00000f42      0x16c Game/game.o
 .debug_loc     0x000010ae       0x36 Game/player.o
 .debug_loc     0x000010e4      0x19c Game/textWriter.o
 .debug_loc     0x00001280      0x295 main.o

.debug_macinfo
 *(.debug_macinfo)

.debug_weaknames
 *(.debug_weaknames)

.debug_funcnames
 *(.debug_funcnames)

.debug_typenames
 *(.debug_typenames)

.debug_varnames
 *(.debug_varnames)

.debug_pubtypes
 *(.debug_pubtypes)

.debug_ranges   0x00000000      0x200
 *(.debug_ranges)
 .debug_ranges  0x00000000       0x68 Display/displayFunc.o
 .debug_ranges  0x00000068       0x28 Display/Serial.o
 .debug_ranges  0x00000090       0x68 Display/SPI.o
 .debug_ranges  0x000000f8       0x58 Display/Touch.o
 .debug_ranges  0x00000150       0x28 Game/game.o
 .debug_ranges  0x00000178       0x28 Game/player.o
 .debug_ranges  0x000001a0       0x28 Game/textWriter.o
 .debug_ranges  0x000001c8       0x38 main.o

.debug_macro
 *(.debug_macro)
OUTPUT(Earth_Defenders.elf elf32-avr)
LOAD linker stubs
