Archive member included to satisfy reference by file (symbol)

c:/program files (x86)/atmel/studio/7.0/toolchain/avr8/avr8-gnu-toolchain/bin/../lib/gcc/avr/5.4.0/avr5\libgcc.a(_exit.o)
                              C:/Program Files (x86)/Atmel/Studio/7.0/Packs/atmel/ATmega_DFP/1.2.209/gcc/dev/atmega328p/avr5/crtatmega328p.o (exit)
c:/program files (x86)/atmel/studio/7.0/toolchain/avr8/avr8-gnu-toolchain/bin/../lib/gcc/avr/5.4.0/avr5\libgcc.a(_copy_data.o)
                              Display/displayFunc.o (__do_copy_data)
c:/program files (x86)/atmel/studio/7.0/toolchain/avr8/avr8-gnu-toolchain/bin/../lib/gcc/avr/5.4.0/avr5\libgcc.a(_clear_bss.o)
                              Display/displayFunc.o (__do_clear_bss)
c:/program files (x86)/atmel/studio/7.0/toolchain/avr8/avr8-gnu-toolchain/bin/../lib/gcc/avr/5.4.0/avr5\libgcc.a(_umulhisi3.o)
                              Display/Touch.o (__umulhisi3)
c:/program files (x86)/atmel/studio/7.0/toolchain/avr8/avr8-gnu-toolchain/bin/../lib/gcc/avr/5.4.0/../../../../avr/lib/avr5\libc.a(iob.o)
                              Display/Serial.o (__iob)
c:/program files (x86)/atmel/studio/7.0/toolchain/avr8/avr8-gnu-toolchain/bin/../lib/gcc/avr/5.4.0/../../../../avr/lib/avr5\libc.a(puts.o)
                              Display/Touch.o (puts)

Allocating common symbols
Common symbol       size              file

tempSPSR            0x1               Display/Touch.o
__iob               0x6               c:/program files (x86)/atmel/studio/7.0/toolchain/avr8/avr8-gnu-toolchain/bin/../lib/gcc/avr/5.4.0/../../../../avr/lib/avr5\libc.a(iob.o)
tempSPCR            0x1               Display/Touch.o

Discarded input sections

 .data          0x00000000        0x0 C:/Program Files (x86)/Atmel/Studio/7.0/Packs/atmel/ATmega_DFP/1.2.209/gcc/dev/atmega328p/avr5/crtatmega328p.o
 .bss           0x00000000        0x0 C:/Program Files (x86)/Atmel/Studio/7.0/Packs/atmel/ATmega_DFP/1.2.209/gcc/dev/atmega328p/avr5/crtatmega328p.o
 .text          0x00000000        0x0 Display/displayFunc.o
 .data          0x00000000        0x0 Display/displayFunc.o
 .bss           0x00000000        0x0 Display/displayFunc.o
 .text.fillRect
                0x00000000       0x5e Display/displayFunc.o
 .text.drawBitmapChar
                0x00000000       0x5e Display/displayFunc.o
 .data.charBitmap
                0x00000000      0x15f Display/displayFunc.o
 COMMON         0x00000000        0x0 Display/displayFunc.o
 .text          0x00000000        0x0 Display/Serial.o
 .data          0x00000000        0x0 Display/Serial.o
 .bss           0x00000000        0x0 Display/Serial.o
 .data.uart_io  0x00000000        0xe Display/Serial.o
 .text          0x00000000        0x0 Display/SPI.o
 .data          0x00000000        0x0 Display/SPI.o
 .bss           0x00000000        0x0 Display/SPI.o
 .text.beginTransaction
                0x00000000        0xa Display/SPI.o
 .text.spiInitSlave
                0x00000000       0x18 Display/SPI.o
 .text.spiReceive
                0x00000000       0x10 Display/SPI.o
 .text.writeByteTouch
                0x00000000       0x16 Display/SPI.o
 .text          0x00000000        0x0 Display/Touch.o
 .data          0x00000000        0x0 Display/Touch.o
 .bss           0x00000000        0x0 Display/Touch.o
 .text.getVersion
                0x00000000       0x24 Display/Touch.o
 .text.scalePoint
                0x00000000        0x2 Display/Touch.o
 .text.bufferSize
                0x00000000        0x8 Display/Touch.o
 COMMON         0x00000000        0x2 Display/Touch.o
 .text          0x00000000        0x0 Game/game.o
 .data          0x00000000        0x0 Game/game.o
 .bss           0x00000000        0x0 Game/game.o
 .text          0x00000000        0x0 Game/player.o
 .data          0x00000000        0x0 Game/player.o
 .bss           0x00000000        0x0 Game/player.o
 .text          0x00000000        0x0 Game/textWriter.o
 .data          0x00000000        0x0 Game/textWriter.o
 .bss           0x00000000        0x0 Game/textWriter.o
 .text._ZN10TextWriterC2Ev
                0x00000000        0xc Game/textWriter.o
 .text._ZN10TextWriter12setCursorPosEjj
                0x00000000        0xc Game/textWriter.o
 .text._ZN10TextWriter8drawCharEc
                0x00000000       0x3e Game/textWriter.o
 .text._ZN10TextWriter10drawStringEPch
                0x00000000       0x3e Game/textWriter.o
 .debug_info    0x00000000      0x29e Game/textWriter.o
 .debug_abbrev  0x00000000      0x1a8 Game/textWriter.o
 .debug_loc     0x00000000      0x19c Game/textWriter.o
 .debug_aranges
                0x00000000       0x38 Game/textWriter.o
 .debug_ranges  0x00000000       0x28 Game/textWriter.o
 .debug_line    0x00000000      0x16c Game/textWriter.o
 .debug_str     0x00000000      0x2c5 Game/textWriter.o
 .comment       0x00000000       0x31 Game/textWriter.o
 .debug_frame   0x00000000       0x74 Game/textWriter.o
 .text          0x00000000        0x0 main.o
 .data          0x00000000        0x0 main.o
 .bss           0x00000000        0x0 main.o
 .bss.dataIn    0x00000000        0x1 main.o
 .text          0x00000000        0x0 c:/program files (x86)/atmel/studio/7.0/toolchain/avr8/avr8-gnu-toolchain/bin/../lib/gcc/avr/5.4.0/avr5\libgcc.a(_exit.o)
 .data          0x00000000        0x0 c:/program files (x86)/atmel/studio/7.0/toolchain/avr8/avr8-gnu-toolchain/bin/../lib/gcc/avr/5.4.0/avr5\libgcc.a(_exit.o)
 .bss           0x00000000        0x0 c:/program files (x86)/atmel/studio/7.0/toolchain/avr8/avr8-gnu-toolchain/bin/../lib/gcc/avr/5.4.0/avr5\libgcc.a(_exit.o)
 .text.libgcc.mul
                0x00000000        0x0 c:/program files (x86)/atmel/studio/7.0/toolchain/avr8/avr8-gnu-toolchain/bin/../lib/gcc/avr/5.4.0/avr5\libgcc.a(_exit.o)
 .text.libgcc.div
                0x00000000        0x0 c:/program files (x86)/atmel/studio/7.0/toolchain/avr8/avr8-gnu-toolchain/bin/../lib/gcc/avr/5.4.0/avr5\libgcc.a(_exit.o)
 .text.libgcc   0x00000000        0x0 c:/program files (x86)/atmel/studio/7.0/toolchain/avr8/avr8-gnu-toolchain/bin/../lib/gcc/avr/5.4.0/avr5\libgcc.a(_exit.o)
 .text.libgcc.prologue
                0x00000000        0x0 c:/program files (x86)/atmel/studio/7.0/toolchain/avr8/avr8-gnu-toolchain/bin/../lib/gcc/avr/5.4.0/avr5\libgcc.a(_exit.o)
 .text.libgcc.builtins
                0x00000000        0x0 c:/program files (x86)/atmel/studio/7.0/toolchain/avr8/avr8-gnu-toolchain/bin/../lib/gcc/avr/5.4.0/avr5\libgcc.a(_exit.o)
 .text.libgcc.fmul
                0x00000000        0x0 c:/program files (x86)/atmel/studio/7.0/toolchain/avr8/avr8-gnu-toolchain/bin/../lib/gcc/avr/5.4.0/avr5\libgcc.a(_exit.o)
 .text.libgcc.fixed
                0x00000000        0x0 c:/program files (x86)/atmel/studio/7.0/toolchain/avr8/avr8-gnu-toolchain/bin/../lib/gcc/avr/5.4.0/avr5\libgcc.a(_exit.o)
 .text          0x00000000        0x0 c:/program files (x86)/atmel/studio/7.0/toolchain/avr8/avr8-gnu-toolchain/bin/../lib/gcc/avr/5.4.0/avr5\libgcc.a(_copy_data.o)
 .data          0x00000000        0x0 c:/program files (x86)/atmel/studio/7.0/toolchain/avr8/avr8-gnu-toolchain/bin/../lib/gcc/avr/5.4.0/avr5\libgcc.a(_copy_data.o)
 .bss           0x00000000        0x0 c:/program files (x86)/atmel/studio/7.0/toolchain/avr8/avr8-gnu-toolchain/bin/../lib/gcc/avr/5.4.0/avr5\libgcc.a(_copy_data.o)
 .text.libgcc.mul
                0x00000000        0x0 c:/program files (x86)/atmel/studio/7.0/toolchain/avr8/avr8-gnu-toolchain/bin/../lib/gcc/avr/5.4.0/avr5\libgcc.a(_copy_data.o)
 .text.libgcc.div
                0x00000000        0x0 c:/program files (x86)/atmel/studio/7.0/toolchain/avr8/avr8-gnu-toolchain/bin/../lib/gcc/avr/5.4.0/avr5\libgcc.a(_copy_data.o)
 .text.libgcc   0x00000000        0x0 c:/program files (x86)/atmel/studio/7.0/toolchain/avr8/avr8-gnu-toolchain/bin/../lib/gcc/avr/5.4.0/avr5\libgcc.a(_copy_data.o)
 .text.libgcc.prologue
                0x00000000        0x0 c:/program files (x86)/atmel/studio/7.0/toolchain/avr8/avr8-gnu-toolchain/bin/../lib/gcc/avr/5.4.0/avr5\libgcc.a(_copy_data.o)
 .text.libgcc.builtins
                0x00000000        0x0 c:/program files (x86)/atmel/studio/7.0/toolchain/avr8/avr8-gnu-toolchain/bin/../lib/gcc/avr/5.4.0/avr5\libgcc.a(_copy_data.o)
 .text.libgcc.fmul
                0x00000000        0x0 c:/program files (x86)/atmel/studio/7.0/toolchain/avr8/avr8-gnu-toolchain/bin/../lib/gcc/avr/5.4.0/avr5\libgcc.a(_copy_data.o)
 .text.libgcc.fixed
                0x00000000        0x0 c:/program files (x86)/atmel/studio/7.0/toolchain/avr8/avr8-gnu-toolchain/bin/../lib/gcc/avr/5.4.0/avr5\libgcc.a(_copy_data.o)
 .text          0x00000000        0x0 c:/program files (x86)/atmel/studio/7.0/toolchain/avr8/avr8-gnu-toolchain/bin/../lib/gcc/avr/5.4.0/avr5\libgcc.a(_clear_bss.o)
 .data          0x00000000        0x0 c:/program files (x86)/atmel/studio/7.0/toolchain/avr8/avr8-gnu-toolchain/bin/../lib/gcc/avr/5.4.0/avr5\libgcc.a(_clear_bss.o)
 .bss           0x00000000        0x0 c:/program files (x86)/atmel/studio/7.0/toolchain/avr8/avr8-gnu-toolchain/bin/../lib/gcc/avr/5.4.0/avr5\libgcc.a(_clear_bss.o)
 .text.libgcc.mul
                0x00000000        0x0 c:/program files (x86)/atmel/studio/7.0/toolchain/avr8/avr8-gnu-toolchain/bin/../lib/gcc/avr/5.4.0/avr5\libgcc.a(_clear_bss.o)
 .text.libgcc.div
                0x00000000        0x0 c:/program files (x86)/atmel/studio/7.0/toolchain/avr8/avr8-gnu-toolchain/bin/../lib/gcc/avr/5.4.0/avr5\libgcc.a(_clear_bss.o)
 .text.libgcc   0x00000000        0x0 c:/program files (x86)/atmel/studio/7.0/toolchain/avr8/avr8-gnu-toolchain/bin/../lib/gcc/avr/5.4.0/avr5\libgcc.a(_clear_bss.o)
 .text.libgcc.prologue
                0x00000000        0x0 c:/program files (x86)/atmel/studio/7.0/toolchain/avr8/avr8-gnu-toolchain/bin/../lib/gcc/avr/5.4.0/avr5\libgcc.a(_clear_bss.o)
 .text.libgcc.builtins
                0x00000000        0x0 c:/program files (x86)/atmel/studio/7.0/toolchain/avr8/avr8-gnu-toolchain/bin/../lib/gcc/avr/5.4.0/avr5\libgcc.a(_clear_bss.o)
 .text.libgcc.fmul
                0x00000000        0x0 c:/program files (x86)/atmel/studio/7.0/toolchain/avr8/avr8-gnu-toolchain/bin/../lib/gcc/avr/5.4.0/avr5\libgcc.a(_clear_bss.o)
 .text.libgcc.fixed
                0x00000000        0x0 c:/program files (x86)/atmel/studio/7.0/toolchain/avr8/avr8-gnu-toolchain/bin/../lib/gcc/avr/5.4.0/avr5\libgcc.a(_clear_bss.o)
 .text          0x00000000        0x0 c:/program files (x86)/atmel/studio/7.0/toolchain/avr8/avr8-gnu-toolchain/bin/../lib/gcc/avr/5.4.0/avr5\libgcc.a(_umulhisi3.o)
 .data          0x00000000        0x0 c:/program files (x86)/atmel/studio/7.0/toolchain/avr8/avr8-gnu-toolchain/bin/../lib/gcc/avr/5.4.0/avr5\libgcc.a(_umulhisi3.o)
 .bss           0x00000000        0x0 c:/program files (x86)/atmel/studio/7.0/toolchain/avr8/avr8-gnu-toolchain/bin/../lib/gcc/avr/5.4.0/avr5\libgcc.a(_umulhisi3.o)
 .text.libgcc.div
                0x00000000        0x0 c:/program files (x86)/atmel/studio/7.0/toolchain/avr8/avr8-gnu-toolchain/bin/../lib/gcc/avr/5.4.0/avr5\libgcc.a(_umulhisi3.o)
 .text.libgcc   0x00000000        0x0 c:/program files (x86)/atmel/studio/7.0/toolchain/avr8/avr8-gnu-toolchain/bin/../lib/gcc/avr/5.4.0/avr5\libgcc.a(_umulhisi3.o)
 .text.libgcc.prologue
                0x00000000        0x0 c:/program files (x86)/atmel/studio/7.0/toolchain/avr8/avr8-gnu-toolchain/bin/../lib/gcc/avr/5.4.0/avr5\libgcc.a(_umulhisi3.o)
 .text.libgcc.builtins
                0x00000000        0x0 c:/program files (x86)/atmel/studio/7.0/toolchain/avr8/avr8-gnu-toolchain/bin/../lib/gcc/avr/5.4.0/avr5\libgcc.a(_umulhisi3.o)
 .text.libgcc.fmul
                0x00000000        0x0 c:/program files (x86)/atmel/studio/7.0/toolchain/avr8/avr8-gnu-toolchain/bin/../lib/gcc/avr/5.4.0/avr5\libgcc.a(_umulhisi3.o)
 .text.libgcc.fixed
                0x00000000        0x0 c:/program files (x86)/atmel/studio/7.0/toolchain/avr8/avr8-gnu-toolchain/bin/../lib/gcc/avr/5.4.0/avr5\libgcc.a(_umulhisi3.o)
 .text          0x00000000        0x0 c:/program files (x86)/atmel/studio/7.0/toolchain/avr8/avr8-gnu-toolchain/bin/../lib/gcc/avr/5.4.0/../../../../avr/lib/avr5\libc.a(iob.o)
 .data          0x00000000        0x0 c:/program files (x86)/atmel/studio/7.0/toolchain/avr8/avr8-gnu-toolchain/bin/../lib/gcc/avr/5.4.0/../../../../avr/lib/avr5\libc.a(iob.o)
 .bss           0x00000000        0x0 c:/program files (x86)/atmel/studio/7.0/toolchain/avr8/avr8-gnu-toolchain/bin/../lib/gcc/avr/5.4.0/../../../../avr/lib/avr5\libc.a(iob.o)
 .text          0x00000000        0x0 c:/program files (x86)/atmel/studio/7.0/toolchain/avr8/avr8-gnu-toolchain/bin/../lib/gcc/avr/5.4.0/../../../../avr/lib/avr5\libc.a(puts.o)
 .data          0x00000000        0x0 c:/program files (x86)/atmel/studio/7.0/toolchain/avr8/avr8-gnu-toolchain/bin/../lib/gcc/avr/5.4.0/../../../../avr/lib/avr5\libc.a(puts.o)
 .bss           0x00000000        0x0 c:/program files (x86)/atmel/studio/7.0/toolchain/avr8/avr8-gnu-toolchain/bin/../lib/gcc/avr/5.4.0/../../../../avr/lib/avr5\libc.a(puts.o)

Memory Configuration

Name             Origin             Length             Attributes
text             0x00000000         0x00020000         xr
data             0x00800060         0x0000ffa0         rw !x
eeprom           0x00810000         0x00010000         rw !x
fuse             0x00820000         0x00000003         rw !x
lock             0x00830000         0x00000400         rw !x
signature        0x00840000         0x00000400         rw !x
user_signatures  0x00850000         0x00000400         rw !x
*default*        0x00000000         0xffffffff

Linker script and memory map

Address of section .data set to 0x800100
LOAD C:/Program Files (x86)/Atmel/Studio/7.0/Packs/atmel/ATmega_DFP/1.2.209/gcc/dev/atmega328p/avr5/crtatmega328p.o
LOAD Display/displayFunc.o
LOAD Display/Serial.o
LOAD Display/SPI.o
LOAD Display/Touch.o
LOAD Game/game.o
LOAD Game/player.o
LOAD Game/textWriter.o
LOAD main.o
START GROUP
LOAD c:/program files (x86)/atmel/studio/7.0/toolchain/avr8/avr8-gnu-toolchain/bin/../lib/gcc/avr/5.4.0/../../../../avr/lib/avr5\libm.a
END GROUP
LOAD c:/program files (x86)/atmel/studio/7.0/toolchain/avr8/avr8-gnu-toolchain/bin/../lib/gcc/avr/5.4.0/avr5\libgcc.a
LOAD c:/program files (x86)/atmel/studio/7.0/toolchain/avr8/avr8-gnu-toolchain/bin/../lib/gcc/avr/5.4.0/../../../../avr/lib/avr5\libm.a
START GROUP
LOAD c:/program files (x86)/atmel/studio/7.0/toolchain/avr8/avr8-gnu-toolchain/bin/../lib/gcc/avr/5.4.0/avr5\libgcc.a
LOAD c:/program files (x86)/atmel/studio/7.0/toolchain/avr8/avr8-gnu-toolchain/bin/../lib/gcc/avr/5.4.0/../../../../avr/lib/avr5\libm.a
LOAD c:/program files (x86)/atmel/studio/7.0/toolchain/avr8/avr8-gnu-toolchain/bin/../lib/gcc/avr/5.4.0/../../../../avr/lib/avr5\libc.a
LOAD C:/Program Files (x86)/Atmel/Studio/7.0/Packs/atmel/ATmega_DFP/1.2.209/gcc/dev/atmega328p/avr5\libatmega328p.a
END GROUP
                0x00020000                __TEXT_REGION_LENGTH__ = DEFINED (__TEXT_REGION_LENGTH__)?__TEXT_REGION_LENGTH__:0x20000
                0x0000ffa0                __DATA_REGION_LENGTH__ = DEFINED (__DATA_REGION_LENGTH__)?__DATA_REGION_LENGTH__:0xffa0
                0x00010000                __EEPROM_REGION_LENGTH__ = DEFINED (__EEPROM_REGION_LENGTH__)?__EEPROM_REGION_LENGTH__:0x10000
                [0x00000003]                __FUSE_REGION_LENGTH__ = DEFINED (__FUSE_REGION_LENGTH__)?__FUSE_REGION_LENGTH__:0x400
                0x00000400                __LOCK_REGION_LENGTH__ = DEFINED (__LOCK_REGION_LENGTH__)?__LOCK_REGION_LENGTH__:0x400
                0x00000400                __SIGNATURE_REGION_LENGTH__ = DEFINED (__SIGNATURE_REGION_LENGTH__)?__SIGNATURE_REGION_LENGTH__:0x400
                0x00000400                __USER_SIGNATURE_REGION_LENGTH__ = DEFINED (__USER_SIGNATURE_REGION_LENGTH__)?__USER_SIGNATURE_REGION_LENGTH__:0x400

.hash
 *(.hash)

.dynsym
 *(.dynsym)

.dynstr
 *(.dynstr)

.gnu.version
 *(.gnu.version)

.gnu.version_d
 *(.gnu.version_d)

.gnu.version_r
 *(.gnu.version_r)

.rel.init
 *(.rel.init)

.rela.init
 *(.rela.init)

.rel.text
 *(.rel.text)
 *(.rel.text.*)
 *(.rel.gnu.linkonce.t*)

.rela.text
 *(.rela.text)
 *(.rela.text.*)
 *(.rela.gnu.linkonce.t*)

.rel.fini
 *(.rel.fini)

.rela.fini
 *(.rela.fini)

.rel.rodata
 *(.rel.rodata)
 *(.rel.rodata.*)
 *(.rel.gnu.linkonce.r*)

.rela.rodata
 *(.rela.rodata)
 *(.rela.rodata.*)
 *(.rela.gnu.linkonce.r*)

.rel.data
 *(.rel.data)
 *(.rel.data.*)
 *(.rel.gnu.linkonce.d*)

.rela.data
 *(.rela.data)
 *(.rela.data.*)
 *(.rela.gnu.linkonce.d*)

.rel.ctors
 *(.rel.ctors)

.rela.ctors
 *(.rela.ctors)

.rel.dtors
 *(.rel.dtors)

.rela.dtors
 *(.rela.dtors)

.rel.got
 *(.rel.got)

.rela.got
 *(.rela.got)

.rel.bss
 *(.rel.bss)

.rela.bss
 *(.rela.bss)

.rel.plt
 *(.rel.plt)

.rela.plt
 *(.rela.plt)

.text           0x00000000      0xa0c
 *(.vectors)
 .vectors       0x00000000       0x68 C:/Program Files (x86)/Atmel/Studio/7.0/Packs/atmel/ATmega_DFP/1.2.209/gcc/dev/atmega328p/avr5/crtatmega328p.o
                0x00000000                __vector_default
                0x00000000                __vectors
 *(.vectors)
 *(.progmem.gcc*)
                0x00000068                . = ALIGN (0x2)
                0x00000068                __trampolines_start = .
 *(.trampolines)
 .trampolines   0x00000068        0x0 linker stubs
 *(.trampolines*)
                0x00000068                __trampolines_end = .
 *libprintf_flt.a:*(.progmem.data)
 *libc.a:*(.progmem.data)
 *(.progmem*)
                0x00000068                . = ALIGN (0x2)
 *(.jumptables)
 *(.jumptables*)
 *(.lowtext)
 *(.lowtext*)
                0x00000068                __ctors_start = .
 *(.ctors)
                0x00000068                __ctors_end = .
                0x00000068                __dtors_start = .
 *(.dtors)
                0x00000068                __dtors_end = .
 SORT(*)(.ctors)
 SORT(*)(.dtors)
 *(.init0)
 .init0         0x00000068        0x0 C:/Program Files (x86)/Atmel/Studio/7.0/Packs/atmel/ATmega_DFP/1.2.209/gcc/dev/atmega328p/avr5/crtatmega328p.o
                0x00000068                __init
 *(.init0)
 *(.init1)
 *(.init1)
 *(.init2)
 .init2         0x00000068        0xc C:/Program Files (x86)/Atmel/Studio/7.0/Packs/atmel/ATmega_DFP/1.2.209/gcc/dev/atmega328p/avr5/crtatmega328p.o
 *(.init2)
 *(.init3)
 *(.init3)
 *(.init4)
 .init4         0x00000074       0x16 c:/program files (x86)/atmel/studio/7.0/toolchain/avr8/avr8-gnu-toolchain/bin/../lib/gcc/avr/5.4.0/avr5\libgcc.a(_copy_data.o)
                0x00000074                __do_copy_data
 .init4         0x0000008a       0x10 c:/program files (x86)/atmel/studio/7.0/toolchain/avr8/avr8-gnu-toolchain/bin/../lib/gcc/avr/5.4.0/avr5\libgcc.a(_clear_bss.o)
                0x0000008a                __do_clear_bss
 *(.init4)
 *(.init5)
 *(.init5)
 *(.init6)
 *(.init6)
 *(.init7)
 *(.init7)
 *(.init8)
 *(.init8)
 *(.init9)
 .init9         0x0000009a        0x8 C:/Program Files (x86)/Atmel/Studio/7.0/Packs/atmel/ATmega_DFP/1.2.209/gcc/dev/atmega328p/avr5/crtatmega328p.o
 *(.init9)
 *(.text)
 .text          0x000000a2        0x4 C:/Program Files (x86)/Atmel/Studio/7.0/Packs/atmel/ATmega_DFP/1.2.209/gcc/dev/atmega328p/avr5/crtatmega328p.o
                0x000000a2                __vector_22
                0x000000a2                __vector_1
                0x000000a2                __vector_24
                0x000000a2                __vector_12
                0x000000a2                __bad_interrupt
                0x000000a2                __vector_6
                0x000000a2                __vector_3
                0x000000a2                __vector_23
                0x000000a2                __vector_25
                0x000000a2                __vector_11
                0x000000a2                __vector_13
                0x000000a2                __vector_17
                0x000000a2                __vector_19
                0x000000a2                __vector_7
                0x000000a2                __vector_5
                0x000000a2                __vector_4
                0x000000a2                __vector_9
                0x000000a2                __vector_2
                0x000000a2                __vector_21
                0x000000a2                __vector_15
                0x000000a2                __vector_8
                0x000000a2                __vector_14
                0x000000a2                __vector_10
                0x000000a2                __vector_16
                0x000000a2                __vector_18
                0x000000a2                __vector_20
                0x000000a6                . = ALIGN (0x2)
 *(.text.*)
 .text.resetDisplay
                0x000000a6       0x3e Display/displayFunc.o
                0x000000a6                resetDisplay
 .text.initDisplay
                0x000000e4        0xe Display/displayFunc.o
                0x000000e4                initDisplay
 .text.controller_begin
                0x000000f2      0x238 Display/displayFunc.o
                0x000000f2                controller_begin
 .text.writeWord
                0x0000032a       0x14 Display/displayFunc.o
                0x0000032a                writeWord
 .text.setAddrWindow
                0x0000033e       0x60 Display/displayFunc.o
                0x0000033e                setAddrWindow
 .text.write565
                0x0000039e       0x3a Display/displayFunc.o
                0x0000039e                write565
 .text.drawPixel
                0x000003d8       0x54 Display/displayFunc.o
                0x000003d8                drawPixel
 .text.writeBitmap
                0x0000042c       0xa0 Display/displayFunc.o
                0x0000042c                writeBitmap
 .text.drawBitmapPlayer
                0x000004cc       0x50 Display/displayFunc.o
                0x000004cc                drawBitmapPlayer
 .text.uart_putchar
                0x0000051c       0x20 Display/Serial.o
                0x0000051c                uart_putchar
 .text.uart_getchar
                0x0000053c       0x10 Display/Serial.o
                0x0000053c                uart_getchar
 .text.uart_init
                0x0000054c       0x36 Display/Serial.o
                0x0000054c                uart_init
 .text.Serial_begin
                0x00000582        0x6 Display/Serial.o
                0x00000582                Serial_begin
 .text.spiInitMaster
                0x00000588       0x14 Display/SPI.o
                0x00000588                spiInitMaster
 .text.spiStartWrite
                0x0000059c       0x16 Display/SPI.o
                0x0000059c                spiStartWrite
 .text.spiEndWrite
                0x000005b2        0x6 Display/SPI.o
                0x000005b2                spiEndWrite
 .text.spiStartWriteTouch
                0x000005b8        0xa Display/SPI.o
                0x000005b8                spiStartWriteTouch
 .text.spiEndWriteTouch
                0x000005c2        0x4 Display/SPI.o
                0x000005c2                spiEndWriteTouch
 .text.spiTransmit
                0x000005c6       0x10 Display/SPI.o
                0x000005c6                spiTransmit
 .text.writeByte
                0x000005d6       0x16 Display/SPI.o
                0x000005d6                writeByte
 .text.writeCmd
                0x000005ec       0x16 Display/SPI.o
                0x000005ec                writeCmd
 .text.readReg8
                0x00000602       0x28 Display/Touch.o
                0x00000602                readReg8
 .text.writeReg8
                0x0000062a       0x22 Display/Touch.o
                0x0000062a                writeReg8
 .text.touch_begin
                0x0000064c       0xa0 Display/Touch.o
                0x0000064c                touch_begin
 .text.touched  0x000006ec        0xa Display/Touch.o
                0x000006ec                touched
 .text.bufferEmpty
                0x000006f6        0xa Display/Touch.o
                0x000006f6                bufferEmpty
 .text.readData
                0x00000700       0xa2 Display/Touch.o
                0x00000700                readData
 .text.getPoint
                0x000007a2       0x9c Display/Touch.o
                0x000007a2                getPoint
 .text._ZN4GameC2Ev
                0x0000083e       0x20 Game/game.o
                0x0000083e                _ZN4GameC1Ev
                0x0000083e                _ZN4GameC2Ev
 .text._ZN4Game9startGameEv
                0x0000085e       0x50 Game/game.o
                0x0000085e                _ZN4Game9startGameEv
 .text._ZN4Game12setPlayerPosEh
                0x000008ae        0x8 Game/game.o
                0x000008ae                _ZN4Game12setPlayerPosEh
 .text._ZN4Game6renderEv
                0x000008b6        0x6 Game/game.o
                0x000008b6                _ZN4Game6renderEv
 .text._ZN6PlayerC2Ejj
                0x000008bc        0xc Game/player.o
                0x000008bc                _ZN6PlayerC2Ejj
                0x000008bc                _ZN6PlayerC1Ejj
 .text._ZN6PlayerC2Ev
                0x000008c8        0x2 Game/player.o
                0x000008c8                _ZN6PlayerC1Ev
                0x000008c8                _ZN6PlayerC2Ev
 .text._ZN6Player10movePlayerEj
                0x000008ca        0x8 Game/player.o
                0x000008ca                _ZN6Player10movePlayerEj
 .text._ZN6Player12renderPlayerEv
                0x000008d2       0x10 Game/player.o
                0x000008d2                _ZN6Player12renderPlayerEv
 .text.main     0x000008e2       0xa8 main.o
                0x000008e2                main
 .text.libgcc.mul
                0x0000098a       0x1e c:/program files (x86)/atmel/studio/7.0/toolchain/avr8/avr8-gnu-toolchain/bin/../lib/gcc/avr/5.4.0/avr5\libgcc.a(_umulhisi3.o)
                0x0000098a                __umulhisi3
 .text.avr-libc
                0x000009a8       0x60 c:/program files (x86)/atmel/studio/7.0/toolchain/avr8/avr8-gnu-toolchain/bin/../lib/gcc/avr/5.4.0/../../../../avr/lib/avr5\libc.a(puts.o)
                0x000009a8                puts
                0x00000a08                . = ALIGN (0x2)
 *(.fini9)
 .fini9         0x00000a08        0x0 c:/program files (x86)/atmel/studio/7.0/toolchain/avr8/avr8-gnu-toolchain/bin/../lib/gcc/avr/5.4.0/avr5\libgcc.a(_exit.o)
                0x00000a08                _exit
                0x00000a08                exit
 *(.fini9)
 *(.fini8)
 *(.fini8)
 *(.fini7)
 *(.fini7)
 *(.fini6)
 *(.fini6)
 *(.fini5)
 *(.fini5)
 *(.fini4)
 *(.fini4)
 *(.fini3)
 *(.fini3)
 *(.fini2)
 *(.fini2)
 *(.fini1)
 *(.fini1)
 *(.fini0)
 .fini0         0x00000a08        0x4 c:/program files (x86)/atmel/studio/7.0/toolchain/avr8/avr8-gnu-toolchain/bin/../lib/gcc/avr/5.4.0/avr5\libgcc.a(_exit.o)
 *(.fini0)
                0x00000a0c                _etext = .

.data           0x00800100       0xa6 load address 0x00000a0c
                0x00800100                PROVIDE (__data_start, .)
 *(.data)
 *(.data*)
 .data.playerBitmap
                0x00800100       0x71 Display/displayFunc.o
                0x00800100                playerBitmap
 .data.uart_input
                0x00800171        0xe Display/Serial.o
                0x00800171                uart_input
 .data.uart_output
                0x0080017f        0xe Display/Serial.o
                0x0080017f                uart_output
 .data.pxY      0x0080018d        0x2 main.o
                0x0080018d                pxY
 .data.pxX      0x0080018f        0x2 main.o
                0x0080018f                pxX
 *(.gnu.linkonce.d*)
 *(.rodata)
 *(.rodata*)
 .rodata.str1.1
                0x00800191        0xa Display/Touch.o
 .rodata.str1.1
                0x0080019b        0xa main.o
 *(.gnu.linkonce.r*)
                0x008001a6                . = ALIGN (0x2)
 *fill*         0x008001a5        0x1 
                0x008001a6                _edata = .
                0x008001a6                PROVIDE (__data_end, .)

.bss            0x008001a6        0x6
                0x008001a6                PROVIDE (__bss_start, .)
 *(.bss)
 *(.bss*)
 *(COMMON)
 COMMON         0x008001a6        0x6 c:/program files (x86)/atmel/studio/7.0/toolchain/avr8/avr8-gnu-toolchain/bin/../lib/gcc/avr/5.4.0/../../../../avr/lib/avr5\libc.a(iob.o)
                0x008001a6                __iob
                0x008001ac                PROVIDE (__bss_end, .)
                0x00000a0c                __data_load_start = LOADADDR (.data)
                0x00000ab2                __data_load_end = (__data_load_start + SIZEOF (.data))

.noinit         0x008001ac        0x0
                [!provide]                PROVIDE (__noinit_start, .)
 *(.noinit*)
                [!provide]                PROVIDE (__noinit_end, .)
                0x008001ac                _end = .
                [!provide]                PROVIDE (__heap_start, .)

.eeprom         0x00810000        0x0
 *(.eeprom*)
                0x00810000                __eeprom_end = .

.fuse
 *(.fuse)
 *(.lfuse)
 *(.hfuse)
 *(.efuse)

.lock
 *(.lock*)

.signature
 *(.signature*)

.user_signatures
 *(.user_signatures*)

.stab
 *(.stab)

.stabstr
 *(.stabstr)

.stab.excl
 *(.stab.excl)

.stab.exclstr
 *(.stab.exclstr)

.stab.index
 *(.stab.index)

.stab.indexstr
 *(.stab.indexstr)

.comment        0x00000000       0x30
 *(.comment)
 .comment       0x00000000       0x30 Display/displayFunc.o
                                 0x31 (size before relaxing)
 .comment       0x00000030       0x31 Display/Serial.o
 .comment       0x00000030       0x31 Display/SPI.o
 .comment       0x00000030       0x31 Display/Touch.o
 .comment       0x00000030       0x31 Game/game.o
 .comment       0x00000030       0x31 Game/player.o
 .comment       0x00000030       0x31 main.o
 .comment       0x00000030       0x31 c:/program files (x86)/atmel/studio/7.0/toolchain/avr8/avr8-gnu-toolchain/bin/../lib/gcc/avr/5.4.0/../../../../avr/lib/avr5\libc.a(iob.o)
 .comment       0x00000030       0x31 c:/program files (x86)/atmel/studio/7.0/toolchain/avr8/avr8-gnu-toolchain/bin/../lib/gcc/avr/5.4.0/../../../../avr/lib/avr5\libc.a(puts.o)

.note.gnu.avr.deviceinfo
                0x00000000       0x40
 .note.gnu.avr.deviceinfo
                0x00000000       0x40 C:/Program Files (x86)/Atmel/Studio/7.0/Packs/atmel/ATmega_DFP/1.2.209/gcc/dev/atmega328p/avr5/crtatmega328p.o

.note.gnu.build-id
 *(.note.gnu.build-id)

.debug
 *(.debug)

.line
 *(.line)

.debug_srcinfo
 *(.debug_srcinfo)

.debug_sfnames
 *(.debug_sfnames)

.debug_aranges  0x00000000      0x218
 *(.debug_aranges)
 .debug_aranges
                0x00000000       0x70 Display/displayFunc.o
 .debug_aranges
                0x00000070       0x38 Display/Serial.o
 .debug_aranges
                0x000000a8       0x78 Display/SPI.o
 .debug_aranges
                0x00000120       0x68 Display/Touch.o
 .debug_aranges
                0x00000188       0x38 Game/game.o
 .debug_aranges
                0x000001c0       0x38 Game/player.o
 .debug_aranges
                0x000001f8       0x20 main.o

.debug_pubnames
 *(.debug_pubnames)

.debug_info     0x00000000     0x2aab
 *(.debug_info .gnu.linkonce.wi.*)
 .debug_info    0x00000000      0x5f4 C:/Program Files (x86)/Atmel/Studio/7.0/Packs/atmel/ATmega_DFP/1.2.209/gcc/dev/atmega328p/avr5/crtatmega328p.o
 .debug_info    0x000005f4      0xeba Display/displayFunc.o
 .debug_info    0x000014ae      0x25b Display/Serial.o
 .debug_info    0x00001709      0x343 Display/SPI.o
 .debug_info    0x00001a4c      0x6a4 Display/Touch.o
 .debug_info    0x000020f0      0x2f5 Game/game.o
 .debug_info    0x000023e5      0x259 Game/player.o
 .debug_info    0x0000263e      0x46d main.o

.debug_abbrev   0x00000000     0x1118
 *(.debug_abbrev)
 .debug_abbrev  0x00000000      0x5a2 C:/Program Files (x86)/Atmel/Studio/7.0/Packs/atmel/ATmega_DFP/1.2.209/gcc/dev/atmega328p/avr5/crtatmega328p.o
 .debug_abbrev  0x000005a2      0x1c3 Display/displayFunc.o
 .debug_abbrev  0x00000765      0x18b Display/Serial.o
 .debug_abbrev  0x000008f0      0x18c Display/SPI.o
 .debug_abbrev  0x00000a7c      0x219 Display/Touch.o
 .debug_abbrev  0x00000c95      0x172 Game/game.o
 .debug_abbrev  0x00000e07      0x14a Game/player.o
 .debug_abbrev  0x00000f51      0x1c7 main.o

.debug_line     0x00000000     0x1205
 *(.debug_line .debug_line.* .debug_line_end)
 .debug_line    0x00000000      0x133 C:/Program Files (x86)/Atmel/Studio/7.0/Packs/atmel/ATmega_DFP/1.2.209/gcc/dev/atmega328p/avr5/crtatmega328p.o
 .debug_line    0x00000133      0x579 Display/displayFunc.o
 .debug_line    0x000006ac      0x14e Display/Serial.o
 .debug_line    0x000007fa      0x2fc Display/SPI.o
 .debug_line    0x00000af6      0x328 Display/Touch.o
 .debug_line    0x00000e1e      0x106 Game/game.o
 .debug_line    0x00000f24      0x11a Game/player.o
 .debug_line    0x0000103e      0x1c7 main.o

.debug_frame    0x00000000      0x55c
 *(.debug_frame)
 .debug_frame   0x00000000      0x1e4 Display/displayFunc.o
 .debug_frame   0x000001e4       0x5c Display/Serial.o
 .debug_frame   0x00000240       0xd4 Display/SPI.o
 .debug_frame   0x00000314      0x144 Display/Touch.o
 .debug_frame   0x00000458       0x7c Game/game.o
 .debug_frame   0x000004d4       0x54 Game/player.o
 .debug_frame   0x00000528       0x34 main.o

.debug_str      0x00000000      0x8d6
 *(.debug_str)
 .debug_str     0x00000000      0x208 C:/Program Files (x86)/Atmel/Studio/7.0/Packs/atmel/ATmega_DFP/1.2.209/gcc/dev/atmega328p/avr5/crtatmega328p.o
 .debug_str     0x00000208      0x2c8 Display/displayFunc.o
                                0x306 (size before relaxing)
 .debug_str     0x000004d0       0x94 Display/Serial.o
                                0x221 (size before relaxing)
 .debug_str     0x00000564       0x90 Display/SPI.o
                                0x292 (size before relaxing)
 .debug_str     0x000005f4       0x9a Display/Touch.o
                                0x2bc (size before relaxing)
 .debug_str     0x0000068e      0x1ec Game/game.o
                                0x2d5 (size before relaxing)
 .debug_str     0x0000087a       0x44 Game/player.o
                                0x27d (size before relaxing)
 .debug_str     0x000008be       0x18 main.o
                                0x386 (size before relaxing)

.debug_loc      0x00000000     0x1302
 *(.debug_loc)
 .debug_loc     0x00000000      0x9dc Display/displayFunc.o
 .debug_loc     0x000009dc       0x98 Display/Serial.o
 .debug_loc     0x00000a74      0x193 Display/SPI.o
 .debug_loc     0x00000c07      0x482 Display/Touch.o
 .debug_loc     0x00001089      0x16c Game/game.o
 .debug_loc     0x000011f5       0x36 Game/player.o
 .debug_loc     0x0000122b       0xd7 main.o

.debug_macinfo
 *(.debug_macinfo)

.debug_weaknames
 *(.debug_weaknames)

.debug_funcnames
 *(.debug_funcnames)

.debug_typenames
 *(.debug_typenames)

.debug_varnames
 *(.debug_varnames)

.debug_pubtypes
 *(.debug_pubtypes)

.debug_ranges   0x00000000      0x1a8
 *(.debug_ranges)
 .debug_ranges  0x00000000       0x60 Display/displayFunc.o
 .debug_ranges  0x00000060       0x28 Display/Serial.o
 .debug_ranges  0x00000088       0x68 Display/SPI.o
 .debug_ranges  0x000000f0       0x58 Display/Touch.o
 .debug_ranges  0x00000148       0x28 Game/game.o
 .debug_ranges  0x00000170       0x28 Game/player.o
 .debug_ranges  0x00000198       0x10 main.o

.debug_macro
 *(.debug_macro)
OUTPUT(Earth_Defenders.elf elf32-avr)
LOAD linker stubs
